2025-12-01 03:58:42,254 - INFO - Database connection established
2025-12-01 03:58:42,255 - INFO - UserModel initialized successfully
2025-12-01 03:58:54,545 - INFO - New client session started
2025-12-01 03:58:54,779 - INFO - User logged in: my@gmail.com
2025-12-01 03:59:10,299 - INFO - New client session started
2025-12-01 03:59:10,519 - INFO - User logged in: kiet@gmail.com
2025-12-01 03:59:51,891 - INFO - New client session started
2025-12-01 03:59:52,561 - INFO - New client session started
2025-12-01 04:00:41,656 - INFO - Database connection established
2025-12-01 04:00:41,657 - INFO - UserModel initialized successfully
2025-12-01 04:00:51,273 - INFO - New client session started
2025-12-01 04:00:51,490 - INFO - User logged in: my@gmail.com
2025-12-01 04:01:08,002 - INFO - New client session started
2025-12-01 04:01:08,208 - INFO - User logged in: kiet@gmail.com
2025-12-01 04:05:20,257 - INFO - Database connection established
2025-12-01 04:05:20,257 - INFO - UserModel initialized successfully
2025-12-01 04:05:34,664 - INFO - New client session started
2025-12-01 04:05:34,886 - INFO - User logged in: kiet@gmail.com
2025-12-01 04:05:44,068 - INFO - New client session started
2025-12-01 04:05:44,283 - INFO - User logged in: my@gmail.com
2025-12-01 04:11:18,735 - INFO - Database connection established
2025-12-01 04:11:18,735 - INFO - UserModel initialized successfully
2025-12-01 04:11:33,204 - INFO - New client session started
2025-12-01 04:11:33,409 - INFO - User logged in: my@gmail.com
2025-12-01 04:12:15,520 - INFO - New client session started
2025-12-01 04:12:15,743 - INFO - User logged in: kiet@gmail.com
2025-12-01 04:12:45,306 - ERROR - Error getting chat history: Unread result found
2025-12-01 04:12:57,444 - ERROR - Error getting chat history: 2027 (HY000): Malformed packet
2025-12-01 04:12:57,446 - ERROR - Error getting avatar: 2013 (HY000): Lost connection to MySQL server during query
2025-12-01 04:12:57,446 - ERROR - Error getting display_name: 2013 (HY000): Lost connection to MySQL server during query
2025-12-01 04:12:57,446 - ERROR - Error getting avatar: 2013 (HY000): Lost connection to MySQL server during query
2025-12-01 04:12:57,446 - ERROR - Error getting display_name: 2013 (HY000): Lost connection to MySQL server during query
2025-12-01 04:12:57,446 - ERROR - Error getting avatar: 2013 (HY000): Lost connection to MySQL server during query
2025-12-01 04:12:57,446 - ERROR - Error getting display_name: 2013 (HY000): Lost connection to MySQL server during query
2025-12-01 04:12:57,446 - ERROR - Error getting avatar: 2013 (HY000): Lost connection to MySQL server during query
2025-12-01 04:12:57,446 - ERROR - Error getting display_name: 2013 (HY000): Lost connection to MySQL server during query
2025-12-01 04:12:57,446 - ERROR - Error getting avatar: 2013 (HY000): Lost connection to MySQL server during query
2025-12-01 04:12:57,446 - ERROR - Error getting display_name: 2013 (HY000): Lost connection to MySQL server during query
2025-12-01 04:12:57,446 - ERROR - Error getting avatar: 2013 (HY000): Lost connection to MySQL server during query
2025-12-01 04:12:57,446 - ERROR - Error getting display_name: 2013 (HY000): Lost connection to MySQL server during query
2025-12-01 04:12:57,446 - ERROR - Error getting avatar: 2013 (HY000): Lost connection to MySQL server during query
2025-12-01 04:12:57,539 - ERROR - Error getting chat history: 2013 (HY000): Lost connection to MySQL server during query
2025-12-01 04:12:57,544 - ERROR - Error getting chat history: 2013 (HY000): Lost connection to MySQL server during query
2025-12-01 04:12:59,639 - ERROR - Error getting profile: 2013 (HY000): Lost connection to MySQL server during query
2025-12-01 04:12:59,640 - ERROR - Error getting all users: 2013 (HY000): Lost connection to MySQL server during query
2025-12-01 04:12:59,741 - ERROR - Error getting chat history: 2013 (HY000): Lost connection to MySQL server during query
2025-12-01 04:12:59,842 - ERROR - Error getting chat history: 2013 (HY000): Lost connection to MySQL server during query
2025-12-01 04:13:03,497 - ERROR - Error getting all users: 2013 (HY000): Lost connection to MySQL server during query
2025-12-01 04:13:11,114 - INFO - New client session started
2025-12-01 04:13:12,354 - INFO - New client session started
2025-12-01 04:13:22,715 - INFO - New client session started
2025-12-01 04:13:22,715 - ERROR - Database error during login: 2013 (HY000): Lost connection to MySQL server during query
2025-12-01 04:13:22,717 - INFO - New client session started
2025-12-01 04:13:34,700 - INFO - Database connection established
2025-12-01 04:13:34,701 - INFO - UserModel initialized successfully
2025-12-01 04:13:44,336 - INFO - New client session started
2025-12-01 04:13:44,542 - INFO - User logged in: kiet@gmail.com
2025-12-01 04:13:58,257 - INFO - New client session started
2025-12-01 04:13:58,475 - INFO - User logged in: my@gmail.com
2025-12-06 21:31:50,554 - INFO - Database connection established
2025-12-06 21:31:50,554 - INFO - UserModel initialized successfully
2025-12-06 21:32:10,058 - INFO - New client session started
2025-12-06 21:32:10,738 - INFO - User logged in: my@gmail.com
2025-12-06 21:32:28,073 - INFO - New client session started
2025-12-06 21:32:28,841 - INFO - User logged in: bo@gmail.com
2025-12-06 21:33:06,241 - DEBUG - Message saved: 6 -> 5
2025-12-06 21:33:41,437 - ERROR - Error getting profile: Unread result found
2025-12-06 21:33:41,438 - ERROR - Error getting all users: Unread result found
2025-12-06 21:33:41,439 - ERROR - Error getting all users: Unread result found
2025-12-06 21:34:02,862 - DEBUG - Message saved: 5 -> 6
2025-12-06 21:34:23,755 - ERROR - Error getting chat history: Unread result found
2025-12-06 21:36:48,943 - INFO - New client session started
2025-12-06 21:36:49,577 - INFO - New client session started
2025-12-07 12:07:50,291 - INFO - Database connection established
2025-12-07 12:07:50,292 - INFO - UserModel initialized successfully
2025-12-07 12:10:59,966 - INFO - Database connection established
2025-12-07 12:10:59,966 - INFO - UserModel initialized successfully
2025-12-07 12:11:36,375 - INFO - New client session started
2025-12-07 12:11:37,054 - INFO - User logged in: my@gmail.com
2025-12-07 12:15:51,902 - INFO - Database connection established
2025-12-07 12:15:51,903 - INFO - UserModel initialized successfully
2025-12-07 12:16:16,434 - INFO - New client session started
2025-12-07 12:16:17,071 - INFO - User logged in: my@gmail.com
2025-12-07 12:18:27,422 - DEBUG - Video message saved: 5 -> 7
2025-12-07 12:19:19,073 - INFO - New client session started
2025-12-07 13:03:25,815 - INFO - Database connection established
2025-12-07 13:03:25,815 - INFO - UserModel initialized successfully
2025-12-07 13:03:42,136 - INFO - New client session started
2025-12-07 13:03:42,794 - INFO - User logged in: my@gmail.com
2025-12-07 13:07:59,265 - INFO - New client session started
2025-12-07 13:09:29,232 - INFO - Database connection established
2025-12-07 13:09:29,232 - INFO - UserModel initialized successfully
2025-12-07 13:09:49,280 - INFO - New client session started
2025-12-07 13:09:49,892 - INFO - User logged in: my@gmail.com
2025-12-07 13:11:34,709 - INFO - New client session started
2025-12-07 13:16:07,372 - INFO - Database connection established
2025-12-07 13:16:07,372 - INFO - UserModel initialized successfully
2025-12-07 13:16:18,592 - INFO - New client session started
2025-12-07 13:16:19,222 - INFO - User logged in: my@gmail.com
2025-12-07 13:17:55,237 - INFO - Database connection established
2025-12-07 13:17:55,237 - INFO - UserModel initialized successfully
2025-12-07 13:18:06,537 - INFO - New client session started
2025-12-07 13:18:07,175 - INFO - User logged in: my@gmail.com
2025-12-07 13:26:44,445 - INFO - New client session started
2025-12-07 13:40:40,888 - INFO - Database connection established
2025-12-07 13:40:40,889 - INFO - UserModel initialized successfully
2025-12-07 13:40:53,046 - INFO - New client session started
2025-12-07 13:40:53,707 - INFO - User logged in: my@gmail.com
2025-12-07 13:42:13,327 - INFO - New client session started
2025-12-07 14:49:07,119 - INFO - Database connection established
2025-12-07 14:49:07,119 - INFO - UserModel initialized successfully
2025-12-07 14:49:19,707 - INFO - New client session started
2025-12-07 14:49:19,927 - INFO - User logged in: my@gmail.com
2025-12-07 14:50:06,921 - INFO - New client session started
2025-12-07 14:55:14,150 - INFO - Database connection established
2025-12-07 14:55:14,150 - INFO - UserModel initialized successfully
2025-12-07 14:55:28,102 - INFO - New client session started
2025-12-07 14:55:28,318 - INFO - User logged in: my@gmail.com
2025-12-07 15:04:55,208 - INFO - New client session started
2025-12-07 15:13:58,591 - INFO - Database connection established
2025-12-07 15:13:58,591 - INFO - UserModel initialized successfully
2025-12-07 15:14:17,341 - INFO - New client session started
2025-12-07 15:14:17,544 - INFO - User logged in: my@gmail.com
2025-12-07 15:23:47,961 - INFO - Database connection established
2025-12-07 15:23:47,961 - INFO - UserModel initialized successfully
2025-12-07 15:23:57,485 - INFO - New client session started
2025-12-07 15:23:57,695 - INFO - User logged in: my@gmail.com
2025-12-07 15:29:38,156 - INFO - New client session started
2025-12-07 15:40:37,139 - INFO - Database connection established
2025-12-07 15:40:37,140 - INFO - UserModel initialized successfully
2025-12-07 15:40:47,114 - INFO - New client session started
2025-12-07 15:40:47,353 - INFO - User logged in: my@gmail.com
2025-12-07 15:41:28,647 - INFO - New client session started
2025-12-07 15:43:32,125 - INFO - Database connection established
2025-12-07 15:43:32,126 - INFO - UserModel initialized successfully
2025-12-07 15:43:41,012 - INFO - New client session started
2025-12-07 15:43:41,217 - INFO - User logged in: my@gmail.com
2025-12-07 15:47:55,447 - INFO - Database connection established
2025-12-07 15:47:55,447 - INFO - UserModel initialized successfully
2025-12-07 15:48:17,506 - INFO - New client session started
2025-12-07 15:48:17,736 - INFO - User logged in: my@gmail.com
2025-12-07 15:57:37,716 - INFO - Database connection established
2025-12-07 15:57:37,716 - INFO - UserModel initialized successfully
2025-12-07 15:57:46,524 - INFO - New client session started
2025-12-07 15:57:46,731 - INFO - User logged in: my@gmail.com
2025-12-07 15:57:57,638 - DEBUG - Message saved: 5 -> 2
2025-12-07 16:05:49,907 - INFO - Database connection established
2025-12-07 16:05:49,907 - INFO - UserModel initialized successfully
2025-12-07 16:08:22,308 - INFO - Database connection established
2025-12-07 16:08:22,308 - INFO - UserModel initialized successfully
2025-12-07 16:08:31,736 - INFO - New client session started
2025-12-07 16:08:31,961 - INFO - User logged in: my@gmail.com
2025-12-07 16:17:05,535 - INFO - Database connection established
2025-12-07 16:17:05,535 - INFO - UserModel initialized successfully
2025-12-07 16:18:20,620 - INFO - New client session started
2025-12-07 16:18:20,829 - INFO - User logged in: my@gmail.com
2025-12-07 16:33:45,967 - INFO - Database connection established
2025-12-07 16:33:45,967 - INFO - UserModel initialized successfully
2025-12-07 16:33:54,919 - INFO - New client session started
2025-12-07 16:33:55,136 - INFO - User logged in: my@gmail.com
2025-12-07 16:34:52,220 - INFO - New client session started
2025-12-07 18:10:02,573 - INFO - Database connection established
2025-12-07 18:10:02,574 - INFO - UserModel initialized successfully
2025-12-07 18:10:14,828 - INFO - New client session started
2025-12-07 18:10:15,061 - INFO - User logged in: my@gmail.com
2025-12-07 18:12:32,345 - INFO - New client session started
